2026-09-08 18:27:45,972 | INFO | 6 trials; 0 already summarised; cameras 0-2-4-6; N=7; marker_set=parity
/usr/lib/python3/dist-packages/scipy/__init__.py:146: UserWarning: A NumPy version >=1.17.3 and <1.25.0 is required for this version of SciPy (detected version 1.26.4
  warnings.warn(f"A NumPy version >={np_minversion} and <{np_maxversion}"
Loading /root/workspace/rt-cosmik/weights/yolo/yolov10n_b4.engine for TensorRT inference...
[09/08/2026-18:27:55] [TRT] [I] Loaded engine size: 11 MiB
[09/08/2026-18:27:55] [TRT] [I] [MemUsageChange] TensorRT-managed allocation in IExecutionContext creation: CPU +0, GPU +77, now: CPU 0, GPU 87 (MiB)
2026-09-08 18:28:52,252 | INFO | [1/6] 1012/Lifting: 12.525 deg over 29 DoF, r=0.9987, 35.2 fps
2026-09-08 18:29:51,250 | INFO | [2/6] 1012/Polishing: 13.807 deg over 29 DoF, r=0.9813, 32.2 fps
2026-09-08 18:31:14,610 | INFO | [3/6] 1012/RobotPolishing: 11.356 deg over 29 DoF, r=0.9769, 33.7 fps
2026-09-08 18:32:18,288 | INFO | [4/6] 1012/RobotWelding: 12.353 deg over 29 DoF, r=0.9693, 31.2 fps
2026-09-08 18:33:37,855 | INFO | [5/6] 1012/Screwing: 14.667 deg over 29 DoF, r=0.9305, 35.5 fps
2026-09-08 18:35:35,687 | INFO | [6/6] 1012/SideOverhead: 16.486 deg over 29 DoF, r=0.976, 34.1 fps
acados was compiled without OpenMP.
acados was compiled without OpenMP.
acados was compiled without OpenMP.
acados was compiled without OpenMP.
acados was compiled without OpenMP.
acados was compiled without OpenMP.
2026-09-08 18:35:36,950 | INFO | 6 trials; 6 already summarised; cameras 0-2-4-6; N=7; marker_set=parity
/usr/lib/python3/dist-packages/scipy/__init__.py:146: UserWarning: A NumPy version >=1.17.3 and <1.25.0 is required for this version of SciPy (detected version 1.26.4
  warnings.warn(f"A NumPy version >={np_minversion} and <{np_maxversion}"
Loading /root/workspace/rt-cosmik/weights/yolo/yolov10n_b4.engine for TensorRT inference...
[09/08/2026-18:35:46] [TRT] [I] Loaded engine size: 11 MiB
[09/08/2026-18:35:46] [TRT] [I] [MemUsageChange] TensorRT-managed allocation in IExecutionContext creation: CPU +0, GPU +77, now: CPU 0, GPU 87 (MiB)
2026-09-08 18:36:17,915 | INFO | [1/6] 1118/Lifting: 11.575 deg over 29 DoF, r=0.9951, 37.1 fps
2026-09-08 18:37:48,116 | INFO | [2/6] 1118/Polishing: 14.749 deg over 29 DoF, r=0.8356, 33.1 fps
2026-09-08 18:39:21,549 | INFO | [3/6] 1118/RobotPolishing: 12.661 deg over 29 DoF, r=0.8433, 32.9 fps
2026-09-08 18:40:24,969 | INFO | [4/6] 1118/RobotWelding: 12.666 deg over 29 DoF, r=0.9281, 33.6 fps
2026-09-08 18:40:39,436 | INFO | [5/6] 1118/Screwing: 13.355 deg over 29 DoF, r=0.6952, 26.6 fps
2026-09-08 18:42:07,094 | INFO | [6/6] 1118/SideOverhead: 13.702 deg over 29 DoF, r=0.9222, 33.9 fps
acados was compiled without OpenMP.
acados was compiled without OpenMP.
acados was compiled without OpenMP.
acados was compiled without OpenMP.
acados was compiled without OpenMP.
acados was compiled without OpenMP.
2026-09-08 18:42:08,333 | INFO | 6 trials; 12 already summarised; cameras 0-2-4-6; N=7; marker_set=parity
/usr/lib/python3/dist-packages/scipy/__init__.py:146: UserWarning: A NumPy version >=1.17.3 and <1.25.0 is required for this version of SciPy (detected version 1.26.4
  warnings.warn(f"A NumPy version >={np_minversion} and <{np_maxversion}"
Loading /root/workspace/rt-cosmik/weights/yolo/yolov10n_b4.engine for TensorRT inference...
[09/08/2026-18:42:17] [TRT] [I] Loaded engine size: 11 MiB
[09/08/2026-18:42:17] [TRT] [I] [MemUsageChange] TensorRT-managed allocation in IExecutionContext creation: CPU +0, GPU +77, now: CPU 0, GPU 87 (MiB)
2026-09-08 18:43:13,027 | INFO | [1/6] 1508/Lifting: 12.656 deg over 29 DoF, r=0.9984, 33.4 fps
2026-09-08 18:44:16,934 | INFO | [2/6] 1508/Polishing: 13.89 deg over 29 DoF, r=0.6502, 32.0 fps
2026-09-08 18:45:53,152 | INFO | [3/6] 1508/RobotPolishing: 11.373 deg over 29 DoF, r=0.9564, 32.7 fps
2026-09-08 18:47:23,153 | INFO | [4/6] 1508/RobotWelding: 11.697 deg over 29 DoF, r=0.9753, 33.8 fps
2026-09-08 18:48:34,287 | INFO | [5/6] 1508/Screwing: 12.205 deg over 29 DoF, r=0.8094, 33.3 fps
2026-09-08 18:50:07,107 | INFO | [6/6] 1508/SideOverhead: 13.339 deg over 29 DoF, r=0.9621, 33.2 fps
acados was compiled without OpenMP.
acados was compiled without OpenMP.
acados was compiled without OpenMP.
acados was compiled without OpenMP.
acados was compiled without OpenMP.
acados was compiled without OpenMP.
2026-09-08 18:50:08,362 | INFO | 6 trials; 18 already summarised; cameras 0-2-4-6; N=7; marker_set=parity
/usr/lib/python3/dist-packages/scipy/__init__.py:146: UserWarning: A NumPy version >=1.17.3 and <1.25.0 is required for this version of SciPy (detected version 1.26.4
  warnings.warn(f"A NumPy version >={np_minversion} and <{np_maxversion}"
Loading /root/workspace/rt-cosmik/weights/yolo/yolov10n_b4.engine for TensorRT inference...
[09/08/2026-18:50:17] [TRT] [I] Loaded engine size: 11 MiB
[09/08/2026-18:50:17] [TRT] [I] [MemUsageChange] TensorRT-managed allocation in IExecutionContext creation: CPU +0, GPU +77, now: CPU 0, GPU 87 (MiB)
2026-09-08 18:51:08,114 | INFO | [1/6] 1602/Lifting: 11.673 deg over 29 DoF, r=0.9764, 31.8 fps
2026-09-08 18:52:14,307 | INFO | [2/6] 1602/Polishing: 15.525 deg over 29 DoF, r=0.9467, 29.1 fps
2026-09-08 18:54:09,613 | INFO | [3/6] 1602/RobotPolishing: 14.117 deg over 29 DoF, r=0.9165, 33.6 fps
2026-09-08 18:55:51,456 | INFO | [4/6] 1602/RobotWelding: 10.975 deg over 29 DoF, r=0.957, 22.5 fps
2026-09-08 18:57:07,782 | INFO | [5/6] 1602/Screwing: 13.377 deg over 29 DoF, r=0.9639, 33.8 fps
2026-09-08 18:58:56,933 | INFO | [6/6] 1602/SideOverhead: 18.311 deg over 29 DoF, r=0.9766, 32.7 fps
acados was compiled without OpenMP.
acados was compiled without OpenMP.
acados was compiled without OpenMP.
acados was compiled without OpenMP.
acados was compiled without OpenMP.
acados was compiled without OpenMP.
2026-09-08 18:58:58,191 | INFO | 6 trials; 24 already summarised; cameras 0-2-4-6; N=7; marker_set=parity
/usr/lib/python3/dist-packages/scipy/__init__.py:146: UserWarning: A NumPy version >=1.17.3 and <1.25.0 is required for this version of SciPy (detected version 1.26.4
  warnings.warn(f"A NumPy version >={np_minversion} and <{np_maxversion}"
Loading /root/workspace/rt-cosmik/weights/yolo/yolov10n_b4.engine for TensorRT inference...
[09/08/2026-18:59:07] [TRT] [I] Loaded engine size: 11 MiB
[09/08/2026-18:59:08] [TRT] [I] [MemUsageChange] TensorRT-managed allocation in IExecutionContext creation: CPU +0, GPU +77, now: CPU 0, GPU 87 (MiB)
2026-09-08 19:00:07,110 | INFO | [1/6] 1847/Lifting: 12.171 deg over 29 DoF, r=0.9915, 34.5 fps
2026-09-08 19:01:26,612 | INFO | [2/6] 1847/Polishing: 14.875 deg over 29 DoF, r=0.9536, 31.5 fps
2026-09-08 19:03:30,668 | INFO | [3/6] 1847/RobotPolishing: 13.986 deg over 29 DoF, r=0.9595, 33.2 fps
2026-09-08 19:05:19,800 | INFO | [4/6] 1847/RobotWelding: 12.437 deg over 29 DoF, r=0.953, 34.3 fps
2026-09-08 19:06:37,948 | INFO | [5/6] 1847/Screwing: 17.949 deg over 29 DoF, r=0.9163, 30.7 fps
2026-09-08 19:08:26,710 | INFO | [6/6] 1847/SideOverhead: 19.603 deg over 29 DoF, r=0.9509, 33.1 fps
acados was compiled without OpenMP.
acados was compiled without OpenMP.
acados was compiled without OpenMP.
acados was compiled without OpenMP.
acados was compiled without OpenMP.
acados was compiled without OpenMP.
2026-09-08 19:08:27,846 | INFO | 6 trials; 30 already summarised; cameras 0-2-4-6; N=7; marker_set=parity
/usr/lib/python3/dist-packages/scipy/__init__.py:146: UserWarning: A NumPy version >=1.17.3 and <1.25.0 is required for this version of SciPy (detected version 1.26.4
  warnings.warn(f"A NumPy version >={np_minversion} and <{np_maxversion}"
Loading /root/workspace/rt-cosmik/weights/yolo/yolov10n_b4.engine for TensorRT inference...
[09/08/2026-19:08:35] [TRT] [I] Loaded engine size: 11 MiB
[09/08/2026-19:08:35] [TRT] [I] [MemUsageChange] TensorRT-managed allocation in IExecutionContext creation: CPU +0, GPU +77, now: CPU 0, GPU 87 (MiB)
2026-09-08 19:09:31,133 | INFO | [1/6] 2112/Lifting: 11.481 deg over 29 DoF, r=0.9983, 32.2 fps
2026-09-08 19:10:25,027 | INFO | [2/6] 2112/Polishing: 12.843 deg over 29 DoF, r=0.8923, 33.1 fps
2026-09-08 19:12:04,130 | INFO | [3/6] 2112/RobotPolishing: 11.996 deg over 29 DoF, r=0.9417, 31.4 fps
2026-09-08 19:13:14,569 | INFO | [4/6] 2112/RobotWelding: 12.106 deg over 29 DoF, r=0.5975, 33.4 fps
2026-09-08 19:14:44,967 | INFO | [5/6] 2112/Screwing: 13.404 deg over 29 DoF, r=0.8265, 33.0 fps
2026-09-08 19:15:59,127 | INFO | [6/6] 2112/SideOverhead: 12.729 deg over 29 DoF, r=0.9353, 31.8 fps
acados was compiled without OpenMP.
acados was compiled without OpenMP.
acados was compiled without OpenMP.
acados was compiled without OpenMP.
acados was compiled without OpenMP.
acados was compiled without OpenMP.
2026-09-08 19:16:00,331 | INFO | 6 trials; 36 already summarised; cameras 0-2-4-6; N=7; marker_set=parity
/usr/lib/python3/dist-packages/scipy/__init__.py:146: UserWarning: A NumPy version >=1.17.3 and <1.25.0 is required for this version of SciPy (detected version 1.26.4
  warnings.warn(f"A NumPy version >={np_minversion} and <{np_maxversion}"
Loading /root/workspace/rt-cosmik/weights/yolo/yolov10n_b4.engine for TensorRT inference...
[09/08/2026-19:16:12] [TRT] [I] Loaded engine size: 11 MiB
[09/08/2026-19:16:12] [TRT] [I] [MemUsageChange] TensorRT-managed allocation in IExecutionContext creation: CPU +0, GPU +77, now: CPU 0, GPU 87 (MiB)
2026-09-08 19:17:12,873 | INFO | [1/6] 2198/Lifting: 9.762 deg over 29 DoF, r=0.9976, 32.1 fps
2026-09-08 19:18:08,406 | INFO | [2/6] 2198/Polishing: 12.06 deg over 29 DoF, r=0.958, 31.4 fps
2026-09-08 19:19:02,172 | INFO | [3/6] 2198/RobotPolishing: 9.992 deg over 29 DoF, r=0.7032, 33.7 fps
2026-09-08 19:20:17,183 | INFO | [4/6] 2198/RobotWelding: 11.129 deg over 29 DoF, r=0.7397, 32.8 fps
2026-09-08 19:21:14,709 | INFO | [5/6] 2198/Screwing: 13.592 deg over 29 DoF, r=0.9304, 33.5 fps
2026-09-08 19:23:07,198 | INFO | [6/6] 2198/SideOverhead: 17.306 deg over 29 DoF, r=0.9605, 31.6 fps
acados was compiled without OpenMP.
acados was compiled without OpenMP.
acados was compiled without OpenMP.
acados was compiled without OpenMP.
acados was compiled without OpenMP.
acados was compiled without OpenMP.
2026-09-08 19:23:08,453 | INFO | 6 trials; 42 already summarised; cameras 0-2-4-6; N=7; marker_set=parity
/usr/lib/python3/dist-packages/scipy/__init__.py:146: UserWarning: A NumPy version >=1.17.3 and <1.25.0 is required for this version of SciPy (detected version 1.26.4
  warnings.warn(f"A NumPy version >={np_minversion} and <{np_maxversion}"
Loading /root/workspace/rt-cosmik/weights/yolo/yolov10n_b4.engine for TensorRT inference...
[09/08/2026-19:23:17] [TRT] [I] Loaded engine size: 11 MiB
[09/08/2026-19:23:17] [TRT] [I] [MemUsageChange] TensorRT-managed allocation in IExecutionContext creation: CPU +0, GPU +77, now: CPU 0, GPU 87 (MiB)
2026-09-08 19:24:11,409 | INFO | [1/6] 2307/Lifting: 11.524 deg over 29 DoF, r=0.9982, 31.5 fps
2026-09-08 19:25:20,466 | INFO | [2/6] 2307/Polishing: 14.12 deg over 29 DoF, r=0.9476, 33.9 fps
2026-09-08 19:26:57,879 | INFO | [3/6] 2307/RobotPolishing: 15.586 deg over 29 DoF, r=0.9425, 33.6 fps
2026-09-08 19:28:16,562 | INFO | [4/6] 2307/RobotWelding: 11.52 deg over 29 DoF, r=0.9038, 31.9 fps
2026-09-08 19:29:24,827 | INFO | [5/6] 2307/Screwing: 14.101 deg over 29 DoF, r=0.899, 34.1 fps
2026-09-08 19:30:46,063 | INFO | [6/6] 2307/SideOverhead: 14.087 deg over 29 DoF, r=0.9499, 31.8 fps
acados was compiled without OpenMP.
acados was compiled without OpenMP.
acados was compiled without OpenMP.
acados was compiled without OpenMP.
acados was compiled without OpenMP.
acados was compiled without OpenMP.
2026-09-08 19:30:47,330 | INFO | 6 trials; 48 already summarised; cameras 0-2-4-6; N=7; marker_set=parity
/usr/lib/python3/dist-packages/scipy/__init__.py:146: UserWarning: A NumPy version >=1.17.3 and <1.25.0 is required for this version of SciPy (detected version 1.26.4
  warnings.warn(f"A NumPy version >={np_minversion} and <{np_maxversion}"
Loading /root/workspace/rt-cosmik/weights/yolo/yolov10n_b4.engine for TensorRT inference...
[09/08/2026-19:30:55] [TRT] [I] Loaded engine size: 11 MiB
[09/08/2026-19:30:55] [TRT] [I] [MemUsageChange] TensorRT-managed allocation in IExecutionContext creation: CPU +0, GPU +77, now: CPU 0, GPU 87 (MiB)
2026-09-08 19:31:22,143 | INFO | [1/6] 3361/Lifting: 14.779 deg over 29 DoF, r=0.9818, 33.7 fps
2026-09-08 19:32:23,469 | INFO | [2/6] 3361/Polishing: 18.263 deg over 29 DoF, r=0.9247, 31.7 fps
2026-09-08 19:33:59,745 | INFO | [3/6] 3361/RobotPolishing: 18.785 deg over 29 DoF, r=0.9426, 32.6 fps
2026-09-08 19:35:20,388 | INFO | [4/6] 3361/RobotWelding: 17.226 deg over 29 DoF, r=0.9292, 32.1 fps
2026-09-08 19:36:20,668 | INFO | [5/6] 3361/Screwing: 17.659 deg over 29 DoF, r=0.8687, 31.5 fps
2026-09-08 19:37:59,382 | INFO | [6/6] 3361/SideOverhead: 16.133 deg over 29 DoF, r=0.941, 31.2 fps
acados was compiled without OpenMP.
acados was compiled without OpenMP.
acados was compiled without OpenMP.
acados was compiled without OpenMP.
acados was compiled without OpenMP.
acados was compiled without OpenMP.
2026-09-08 19:38:00,648 | INFO | 6 trials; 54 already summarised; cameras 0-2-4-6; N=7; marker_set=parity
/usr/lib/python3/dist-packages/scipy/__init__.py:146: UserWarning: A NumPy version >=1.17.3 and <1.25.0 is required for this version of SciPy (detected version 1.26.4
  warnings.warn(f"A NumPy version >={np_minversion} and <{np_maxversion}"
2026-09-08 19:38:01,712 | WARNING | Camera 0 in /root/workspace/COMFI/cam_params/4162/extrinsics/cam_to_world/camera_0 has 2 calibration sessions (calib_1, calib_2); using calib_1. Pass calib_session to choose explicitly.
2026-09-08 19:38:01,712 | WARNING | Camera 2 in /root/workspace/COMFI/cam_params/4162/extrinsics/cam_to_world/camera_2 has 2 calibration sessions (calib_1, calib_2); using calib_1. Pass calib_session to choose explicitly.
2026-09-08 19:38:01,712 | WARNING | Camera 4 in /root/workspace/COMFI/cam_params/4162/extrinsics/cam_to_world/camera_4 has 2 calibration sessions (calib_1, calib_2); using calib_1. Pass calib_session to choose explicitly.
2026-09-08 19:38:01,712 | WARNING | Camera 6 in /root/workspace/COMFI/cam_params/4162/extrinsics/cam_to_world/camera_6 has 2 calibration sessions (calib_1, calib_2); using calib_1. Pass calib_session to choose explicitly.
2026-09-08 19:38:01,712 | WARNING | Camera 0 in /root/workspace/COMFI/cam_params/4162/extrinsics/cam_to_world/camera_0 has 2 calibration sessions (calib_1, calib_2); using calib_1. Pass calib_session to choose explicitly.
Loading /root/workspace/rt-cosmik/weights/yolo/yolov10n_b4.engine for TensorRT inference...
[09/08/2026-19:38:08] [TRT] [I] Loaded engine size: 11 MiB
[09/08/2026-19:38:08] [TRT] [I] [MemUsageChange] TensorRT-managed allocation in IExecutionContext creation: CPU +0, GPU +77, now: CPU 0, GPU 87 (MiB)
2026-09-08 19:39:07,432 | INFO | [1/6] 4162/Lifting: 13.222 deg over 29 DoF, r=0.9985, 35.3 fps
2026-09-08 19:39:07,433 | WARNING | Camera 0 in /root/workspace/COMFI/cam_params/4162/extrinsics/cam_to_world/camera_0 has 2 calibration sessions (calib_1, calib_2); using calib_1. Pass calib_session to choose explicitly.
2026-09-08 19:39:07,433 | WARNING | Camera 2 in /root/workspace/COMFI/cam_params/4162/extrinsics/cam_to_world/camera_2 has 2 calibration sessions (calib_1, calib_2); using calib_1. Pass calib_session to choose explicitly.
2026-09-08 19:39:07,433 | WARNING | Camera 4 in /root/workspace/COMFI/cam_params/4162/extrinsics/cam_to_world/camera_4 has 2 calibration sessions (calib_1, calib_2); using calib_1. Pass calib_session to choose explicitly.
2026-09-08 19:39:07,433 | WARNING | Camera 6 in /root/workspace/COMFI/cam_params/4162/extrinsics/cam_to_world/camera_6 has 2 calibration sessions (calib_1, calib_2); using calib_1. Pass calib_session to choose explicitly.
2026-09-08 19:39:07,433 | WARNING | Camera 0 in /root/workspace/COMFI/cam_params/4162/extrinsics/cam_to_world/camera_0 has 2 calibration sessions (calib_1, calib_2); using calib_1. Pass calib_session to choose explicitly.
2026-09-08 19:40:21,412 | INFO | [2/6] 4162/Polishing: 15.884 deg over 29 DoF, r=0.9392, 33.8 fps
2026-09-08 19:40:21,412 | WARNING | Camera 0 in /root/workspace/COMFI/cam_params/4162/extrinsics/cam_to_world/camera_0 has 2 calibration sessions (calib_1, calib_2); using calib_1. Pass calib_session to choose explicitly.
2026-09-08 19:40:21,412 | WARNING | Camera 2 in /root/workspace/COMFI/cam_params/4162/extrinsics/cam_to_world/camera_2 has 2 calibration sessions (calib_1, calib_2); using calib_1. Pass calib_session to choose explicitly.
2026-09-08 19:40:21,413 | WARNING | Camera 4 in /root/workspace/COMFI/cam_params/4162/extrinsics/cam_to_world/camera_4 has 2 calibration sessions (calib_1, calib_2); using calib_1. Pass calib_session to choose explicitly.
2026-09-08 19:40:21,413 | WARNING | Camera 6 in /root/workspace/COMFI/cam_params/4162/extrinsics/cam_to_world/camera_6 has 2 calibration sessions (calib_1, calib_2); using calib_1. Pass calib_session to choose explicitly.
2026-09-08 19:40:21,413 | WARNING | Camera 0 in /root/workspace/COMFI/cam_params/4162/extrinsics/cam_to_world/camera_0 has 2 calibration sessions (calib_1, calib_2); using calib_1. Pass calib_session to choose explicitly.
2026-09-08 19:41:52,416 | INFO | [3/6] 4162/RobotPolishing: 17.028 deg over 29 DoF, r=0.9462, 33.0 fps
2026-09-08 19:41:52,417 | WARNING | Camera 0 in /root/workspace/COMFI/cam_params/4162/extrinsics/cam_to_world/camera_0 has 2 calibration sessions (calib_1, calib_2); using calib_1. Pass calib_session to choose explicitly.
2026-09-08 19:41:52,417 | WARNING | Camera 2 in /root/workspace/COMFI/cam_params/4162/extrinsics/cam_to_world/camera_2 has 2 calibration sessions (calib_1, calib_2); using calib_1. Pass calib_session to choose explicitly.
2026-09-08 19:41:52,417 | WARNING | Camera 4 in /root/workspace/COMFI/cam_params/4162/extrinsics/cam_to_world/camera_4 has 2 calibration sessions (calib_1, calib_2); using calib_1. Pass calib_session to choose explicitly.
2026-09-08 19:41:52,417 | WARNING | Camera 6 in /root/workspace/COMFI/cam_params/4162/extrinsics/cam_to_world/camera_6 has 2 calibration sessions (calib_1, calib_2); using calib_1. Pass calib_session to choose explicitly.
2026-09-08 19:41:52,417 | WARNING | Camera 0 in /root/workspace/COMFI/cam_params/4162/extrinsics/cam_to_world/camera_0 has 2 calibration sessions (calib_1, calib_2); using calib_1. Pass calib_session to choose explicitly.
2026-09-08 19:43:13,724 | INFO | [4/6] 4162/RobotWelding: 17.725 deg over 29 DoF, r=0.9267, 33.5 fps
2026-09-08 19:43:13,724 | WARNING | Camera 0 in /root/workspace/COMFI/cam_params/4162/extrinsics/cam_to_world/camera_0 has 2 calibration sessions (calib_1, calib_2); using calib_1. Pass calib_session to choose explicitly.
2026-09-08 19:43:13,724 | WARNING | Camera 2 in /root/workspace/COMFI/cam_params/4162/extrinsics/cam_to_world/camera_2 has 2 calibration sessions (calib_1, calib_2); using calib_1. Pass calib_session to choose explicitly.
2026-09-08 19:43:13,724 | WARNING | Camera 4 in /root/workspace/COMFI/cam_params/4162/extrinsics/cam_to_world/camera_4 has 2 calibration sessions (calib_1, calib_2); using calib_1. Pass calib_session to choose explicitly.
2026-09-08 19:43:13,725 | WARNING | Camera 6 in /root/workspace/COMFI/cam_params/4162/extrinsics/cam_to_world/camera_6 has 2 calibration sessions (calib_1, calib_2); using calib_1. Pass calib_session to choose explicitly.
2026-09-08 19:43:13,725 | WARNING | Camera 0 in /root/workspace/COMFI/cam_params/4162/extrinsics/cam_to_world/camera_0 has 2 calibration sessions (calib_1, calib_2); using calib_1. Pass calib_session to choose explicitly.
2026-09-08 19:44:47,281 | INFO | [5/6] 4162/Screwing: 16.978 deg over 29 DoF, r=0.8125, 33.3 fps
2026-09-08 19:44:47,282 | WARNING | Camera 0 in /root/workspace/COMFI/cam_params/4162/extrinsics/cam_to_world/camera_0 has 2 calibration sessions (calib_1, calib_2); using calib_1. Pass calib_session to choose explicitly.
2026-09-08 19:44:47,282 | WARNING | Camera 2 in /root/workspace/COMFI/cam_params/4162/extrinsics/cam_to_world/camera_2 has 2 calibration sessions (calib_1, calib_2); using calib_1. Pass calib_session to choose explicitly.
2026-09-08 19:44:47,282 | WARNING | Camera 4 in /root/workspace/COMFI/cam_params/4162/extrinsics/cam_to_world/camera_4 has 2 calibration sessions (calib_1, calib_2); using calib_1. Pass calib_session to choose explicitly.
2026-09-08 19:44:47,282 | WARNING | Camera 6 in /root/workspace/COMFI/cam_params/4162/extrinsics/cam_to_world/camera_6 has 2 calibration sessions (calib_1, calib_2); using calib_1. Pass calib_session to choose explicitly.
2026-09-08 19:44:47,282 | WARNING | Camera 0 in /root/workspace/COMFI/cam_params/4162/extrinsics/cam_to_world/camera_0 has 2 calibration sessions (calib_1, calib_2); using calib_1. Pass calib_session to choose explicitly.
2026-09-08 19:46:31,234 | INFO | [6/6] 4162/SideOverhead: 25.558 deg over 29 DoF, r=0.938, 33.6 fps
acados was compiled without OpenMP.
acados was compiled without OpenMP.
acados was compiled without OpenMP.
acados was compiled without OpenMP.
acados was compiled without OpenMP.
acados was compiled without OpenMP.
2026-09-08 19:46:32,488 | INFO | 6 trials; 60 already summarised; cameras 0-2-4-6; N=7; marker_set=parity
/usr/lib/python3/dist-packages/scipy/__init__.py:146: UserWarning: A NumPy version >=1.17.3 and <1.25.0 is required for this version of SciPy (detected version 1.26.4
  warnings.warn(f"A NumPy version >={np_minversion} and <{np_maxversion}"
Loading /root/workspace/rt-cosmik/weights/yolo/yolov10n_b4.engine for TensorRT inference...
[09/08/2026-19:46:43] [TRT] [I] Loaded engine size: 11 MiB
[09/08/2026-19:46:43] [TRT] [I] [MemUsageChange] TensorRT-managed allocation in IExecutionContext creation: CPU +0, GPU +77, now: CPU 0, GPU 87 (MiB)
2026-09-08 19:47:20,317 | INFO | [1/6] 4216/Lifting: 12.729 deg over 29 DoF, r=0.9979, 32.3 fps
2026-09-08 19:48:17,019 | INFO | [2/6] 4216/Polishing: 13.492 deg over 29 DoF, r=0.9081, 32.7 fps
2026-09-08 19:49:28,767 | INFO | [3/6] 4216/RobotPolishing: 14.32 deg over 29 DoF, r=0.9197, 32.0 fps
2026-09-08 19:50:48,173 | INFO | [4/6] 4216/RobotWelding: 11.596 deg over 29 DoF, r=0.9163, 32.7 fps
2026-09-08 19:51:54,930 | INFO | [5/6] 4216/Screwing: 13.617 deg over 29 DoF, r=0.9704, 32.7 fps
2026-09-08 19:53:30,890 | INFO | [6/6] 4216/SideOverhead: 15.86 deg over 29 DoF, r=0.9695, 32.5 fps
acados was compiled without OpenMP.
acados was compiled without OpenMP.
acados was compiled without OpenMP.
acados was compiled without OpenMP.
acados was compiled without OpenMP.
acados was compiled without OpenMP.
2026-09-08 19:53:32,141 | INFO | 6 trials; 66 already summarised; cameras 0-2-4-6; N=7; marker_set=parity
/usr/lib/python3/dist-packages/scipy/__init__.py:146: UserWarning: A NumPy version >=1.17.3 and <1.25.0 is required for this version of SciPy (detected version 1.26.4
  warnings.warn(f"A NumPy version >={np_minversion} and <{np_maxversion}"
Loading /root/workspace/rt-cosmik/weights/yolo/yolov10n_b4.engine for TensorRT inference...
[09/08/2026-19:53:39] [TRT] [I] Loaded engine size: 11 MiB
[09/08/2026-19:53:39] [TRT] [I] [MemUsageChange] TensorRT-managed allocation in IExecutionContext creation: CPU +0, GPU +77, now: CPU 0, GPU 87 (MiB)
2026-09-08 19:54:45,996 | INFO | [1/6] 4279/Lifting: 12.186 deg over 29 DoF, r=0.9799, 32.9 fps
2026-09-08 19:55:41,792 | INFO | [2/6] 4279/Polishing: 13.971 deg over 29 DoF, r=0.9073, 31.5 fps
2026-09-08 19:57:09,613 | INFO | [3/6] 4279/RobotPolishing: 11.672 deg over 29 DoF, r=0.8422, 33.4 fps
2026-09-08 19:58:30,451 | INFO | [4/6] 4279/RobotWelding: 11.945 deg over 29 DoF, r=0.9389, 33.1 fps
2026-09-08 19:59:56,485 | INFO | [5/6] 4279/Screwing: 14.802 deg over 29 DoF, r=0.9664, 33.0 fps
2026-09-08 20:01:21,456 | INFO | [6/6] 4279/SideOverhead: 14.229 deg over 29 DoF, r=0.9708, 33.4 fps
acados was compiled without OpenMP.
acados was compiled without OpenMP.
acados was compiled without OpenMP.
acados was compiled without OpenMP.
acados was compiled without OpenMP.
acados was compiled without OpenMP.
2026-09-08 20:01:22,777 | INFO | 6 trials; 72 already summarised; cameras 0-2-4-6; N=7; marker_set=parity
/usr/lib/python3/dist-packages/scipy/__init__.py:146: UserWarning: A NumPy version >=1.17.3 and <1.25.0 is required for this version of SciPy (detected version 1.26.4
  warnings.warn(f"A NumPy version >={np_minversion} and <{np_maxversion}"
Loading /root/workspace/rt-cosmik/weights/yolo/yolov10n_b4.engine for TensorRT inference...
[09/08/2026-20:01:33] [TRT] [I] Loaded engine size: 11 MiB
[09/08/2026-20:01:33] [TRT] [I] [MemUsageChange] TensorRT-managed allocation in IExecutionContext creation: CPU +0, GPU +77, now: CPU 0, GPU 87 (MiB)
2026-09-08 20:02:20,283 | INFO | [1/6] 4509/Lifting: 14.008 deg over 29 DoF, r=0.9904, 32.3 fps
2026-09-08 20:03:24,160 | INFO | [2/6] 4509/Polishing: 13.203 deg over 29 DoF, r=0.8429, 33.5 fps
2026-09-08 20:04:50,877 | INFO | [3/6] 4509/RobotPolishing: 11.256 deg over 29 DoF, r=0.9347, 32.7 fps
2026-09-08 20:06:21,422 | INFO | [4/6] 4509/RobotWelding: 11.854 deg over 29 DoF, r=0.9505, 30.7 fps
2026-09-08 20:07:33,217 | INFO | [5/6] 4509/Screwing: 12.937 deg over 29 DoF, r=0.8508, 32.9 fps
2026-09-08 20:08:35,841 | INFO | [6/6] 4509/SideOverhead: 16.652 deg over 29 DoF, r=0.9452, 32.7 fps
acados was compiled without OpenMP.
acados was compiled without OpenMP.
acados was compiled without OpenMP.
acados was compiled without OpenMP.
acados was compiled without OpenMP.
acados was compiled without OpenMP.
2026-09-08 20:08:36,998 | INFO | 6 trials; 78 already summarised; cameras 0-2-4-6; N=7; marker_set=parity
/usr/lib/python3/dist-packages/scipy/__init__.py:146: UserWarning: A NumPy version >=1.17.3 and <1.25.0 is required for this version of SciPy (detected version 1.26.4
  warnings.warn(f"A NumPy version >={np_minversion} and <{np_maxversion}"
Loading /root/workspace/rt-cosmik/weights/yolo/yolov10n_b4.engine for TensorRT inference...
[09/08/2026-20:08:43] [TRT] [I] Loaded engine size: 11 MiB
[09/08/2026-20:08:43] [TRT] [I] [MemUsageChange] TensorRT-managed allocation in IExecutionContext creation: CPU +0, GPU +77, now: CPU 0, GPU 87 (MiB)
2026-09-08 20:09:48,623 | INFO | [1/6] 4612/Lifting: 8.861 deg over 29 DoF, r=0.996, 32.4 fps
2026-09-08 20:10:45,240 | INFO | [2/6] 4612/Polishing: 10.726 deg over 29 DoF, r=0.8159, 33.9 fps
2026-09-08 20:12:13,233 | INFO | [3/6] 4612/RobotPolishing: 12.311 deg over 29 DoF, r=0.9423, 33.2 fps
2026-09-08 20:13:18,458 | INFO | [4/6] 4612/RobotWelding: 10.548 deg over 29 DoF, r=0.9466, 34.4 fps
2026-09-08 20:14:26,716 | INFO | [5/6] 4612/Screwing: 8.339 deg over 29 DoF, r=0.9741, 33.0 fps
2026-09-08 20:15:48,107 | INFO | [6/6] 4612/SideOverhead: 13.746 deg over 29 DoF, r=0.9031, 31.5 fps
acados was compiled without OpenMP.
acados was compiled without OpenMP.
acados was compiled without OpenMP.
acados was compiled without OpenMP.
acados was compiled without OpenMP.
acados was compiled without OpenMP.
2026-09-08 20:15:49,364 | INFO | 6 trials; 84 already summarised; cameras 0-2-4-6; N=7; marker_set=parity
/usr/lib/python3/dist-packages/scipy/__init__.py:146: UserWarning: A NumPy version >=1.17.3 and <1.25.0 is required for this version of SciPy (detected version 1.26.4
  warnings.warn(f"A NumPy version >={np_minversion} and <{np_maxversion}"
Loading /root/workspace/rt-cosmik/weights/yolo/yolov10n_b4.engine for TensorRT inference...
[09/08/2026-20:16:04] [TRT] [I] Loaded engine size: 11 MiB
[09/08/2026-20:16:04] [TRT] [I] [MemUsageChange] TensorRT-managed allocation in IExecutionContext creation: CPU +0, GPU +77, now: CPU 0, GPU 87 (MiB)
2026-09-08 20:17:02,959 | INFO | [1/6] 4665/Lifting: 13.389 deg over 29 DoF, r=0.995, 33.1 fps
2026-09-08 20:18:36,955 | INFO | [2/6] 4665/Polishing: 17.193 deg over 29 DoF, r=0.9594, 33.8 fps
2026-09-08 20:20:28,220 | INFO | [3/6] 4665/RobotPolishing: 17.127 deg over 29 DoF, r=0.9345, 32.8 fps
2026-09-08 20:22:11,610 | INFO | [4/6] 4665/RobotWelding: 22.214 deg over 29 DoF, r=0.9605, 31.5 fps
2026-09-08 20:23:51,701 | INFO | [5/6] 4665/Screwing: 15.659 deg over 29 DoF, r=0.9404, 33.9 fps
2026-09-08 20:25:28,732 | INFO | [6/6] 4665/SideOverhead: 18.854 deg over 29 DoF, r=0.8927, 33.1 fps
acados was compiled without OpenMP.
acados was compiled without OpenMP.
acados was compiled without OpenMP.
acados was compiled without OpenMP.
acados was compiled without OpenMP.
acados was compiled without OpenMP.
2026-09-08 20:25:30,017 | INFO | 6 trials; 90 already summarised; cameras 0-2-4-6; N=7; marker_set=parity
/usr/lib/python3/dist-packages/scipy/__init__.py:146: UserWarning: A NumPy version >=1.17.3 and <1.25.0 is required for this version of SciPy (detected version 1.26.4
  warnings.warn(f"A NumPy version >={np_minversion} and <{np_maxversion}"
Loading /root/workspace/rt-cosmik/weights/yolo/yolov10n_b4.engine for TensorRT inference...
[09/08/2026-20:25:38] [TRT] [I] Loaded engine size: 11 MiB
[09/08/2026-20:25:38] [TRT] [I] [MemUsageChange] TensorRT-managed allocation in IExecutionContext creation: CPU +0, GPU +77, now: CPU 0, GPU 87 (MiB)
2026-09-08 20:26:32,516 | INFO | [1/6] 4687/Lifting: 12.598 deg over 29 DoF, r=0.9977, 32.7 fps
2026-09-08 20:27:20,780 | INFO | [2/6] 4687/Polishing: 14.667 deg over 29 DoF, r=0.8739, 31.8 fps
2026-09-08 20:28:22,840 | INFO | [3/6] 4687/RobotPolishing: 12.597 deg over 29 DoF, r=0.945, 34.5 fps
2026-09-08 20:29:20,035 | INFO | [4/6] 4687/RobotWelding: 12.104 deg over 29 DoF, r=0.9633, 32.8 fps
2026-09-08 20:30:18,872 | INFO | [5/6] 4687/Screwing: 12.173 deg over 29 DoF, r=0.9285, 33.5 fps
2026-09-08 20:31:07,572 | INFO | [6/6] 4687/SideOverhead: 14.21 deg over 29 DoF, r=0.956, 31.6 fps
acados was compiled without OpenMP.
acados was compiled without OpenMP.
acados was compiled without OpenMP.
acados was compiled without OpenMP.
acados was compiled without OpenMP.
acados was compiled without OpenMP.
2026-09-08 20:31:08,929 | INFO | 6 trials; 96 already summarised; cameras 0-2-4-6; N=7; marker_set=parity
/usr/lib/python3/dist-packages/scipy/__init__.py:146: UserWarning: A NumPy version >=1.17.3 and <1.25.0 is required for this version of SciPy (detected version 1.26.4
  warnings.warn(f"A NumPy version >={np_minversion} and <{np_maxversion}"
Loading /root/workspace/rt-cosmik/weights/yolo/yolov10n_b4.engine for TensorRT inference...
[09/08/2026-20:31:18] [TRT] [I] Loaded engine size: 11 MiB
[09/08/2026-20:31:18] [TRT] [I] [MemUsageChange] TensorRT-managed allocation in IExecutionContext creation: CPU +0, GPU +77, now: CPU 0, GPU 87 (MiB)
2026-09-08 20:31:53,784 | INFO | [1/6] 4801/Lifting: 15.009 deg over 29 DoF, r=0.9984, 35.6 fps
2026-09-08 20:33:29,253 | INFO | [2/6] 4801/Polishing: 16.318 deg over 29 DoF, r=0.7713, 32.4 fps
2026-09-08 20:35:31,184 | INFO | [3/6] 4801/RobotPolishing: 16.647 deg over 29 DoF, r=0.7879, 34.1 fps
2026-09-08 20:36:46,165 | INFO | [4/6] 4801/RobotWelding: 18.635 deg over 29 DoF, r=0.8412, 33.5 fps
2026-09-08 20:38:10,208 | INFO | [5/6] 4801/Screwing: 15.961 deg over 29 DoF, r=0.821, 34.0 fps
2026-09-08 20:40:27,449 | INFO | [6/6] 4801/SideOverhead: 24.876 deg over 29 DoF, r=0.9221, 32.3 fps
acados was compiled without OpenMP.
acados was compiled without OpenMP.
acados was compiled without OpenMP.
acados was compiled without OpenMP.
acados was compiled without OpenMP.
acados was compiled without OpenMP.
2026-09-08 20:40:28,733 | INFO | 6 trials; 102 already summarised; cameras 0-2-4-6; N=7; marker_set=parity
/usr/lib/python3/dist-packages/scipy/__init__.py:146: UserWarning: A NumPy version >=1.17.3 and <1.25.0 is required for this version of SciPy (detected version 1.26.4
  warnings.warn(f"A NumPy version >={np_minversion} and <{np_maxversion}"
Loading /root/workspace/rt-cosmik/weights/yolo/yolov10n_b4.engine for TensorRT inference...
[09/08/2026-20:40:39] [TRT] [I] Loaded engine size: 11 MiB
[09/08/2026-20:40:39] [TRT] [I] [MemUsageChange] TensorRT-managed allocation in IExecutionContext creation: CPU +0, GPU +77, now: CPU 0, GPU 87 (MiB)
2026-09-08 20:41:21,676 | INFO | [1/6] 4827/Lifting: 13.625 deg over 29 DoF, r=0.9864, 34.4 fps
2026-09-08 20:42:17,281 | INFO | [2/6] 4827/Polishing: 14.113 deg over 29 DoF, r=0.9618, 33.8 fps
2026-09-08 20:43:31,860 | INFO | [3/6] 4827/RobotPolishing: 13.036 deg over 29 DoF, r=0.7812, 33.0 fps
2026-09-08 20:44:41,485 | INFO | [4/6] 4827/RobotWelding: 12.404 deg over 29 DoF, r=0.8217, 32.5 fps
2026-09-08 20:45:54,076 | INFO | [5/6] 4827/Screwing: 13.7 deg over 29 DoF, r=0.8685, 32.0 fps
2026-09-08 20:47:14,779 | INFO | [6/6] 4827/SideOverhead: 14.728 deg over 29 DoF, r=0.9063, 33.0 fps
acados was compiled without OpenMP.
acados was compiled without OpenMP.
acados was compiled without OpenMP.
acados was compiled without OpenMP.
acados was compiled without OpenMP.
acados was compiled without OpenMP.
2026-09-09 00:45:49,910 | INFO | 6 trials; 102 already summarised; cameras 0-2-4-6; N=7; marker_set=parity
/usr/lib/python3/dist-packages/scipy/__init__.py:146: UserWarning: A NumPy version >=1.17.3 and <1.25.0 is required for this version of SciPy (detected version 1.26.4
  warnings.warn(f"A NumPy version >={np_minversion} and <{np_maxversion}"
Loading /root/workspace/rt-cosmik/weights/yolo/yolov10n_b4.engine for TensorRT inference...
[09/09/2026-00:45:56] [TRT] [I] Loaded engine size: 11 MiB
[09/09/2026-00:45:56] [TRT] [I] [MemUsageChange] TensorRT-managed allocation in IExecutionContext creation: CPU +0, GPU +77, now: CPU 0, GPU 87 (MiB)
2026-09-09 00:46:19,755 | INFO | [1/6] 3361/Lifting: 14.779 deg over 29 DoF, r=0.9818, 40.1 fps
2026-09-09 00:47:07,274 | INFO | [2/6] 3361/Polishing: 18.263 deg over 29 DoF, r=0.9247, 41.0 fps
2026-09-09 00:48:22,931 | INFO | [3/6] 3361/RobotPolishing: 18.785 deg over 29 DoF, r=0.9426, 41.5 fps
2026-09-09 00:49:25,902 | INFO | [4/6] 3361/RobotWelding: 17.226 deg over 29 DoF, r=0.9292, 41.2 fps
2026-09-09 00:50:12,214 | INFO | [5/6] 3361/Screwing: 17.659 deg over 29 DoF, r=0.8687, 41.1 fps
2026-09-09 00:51:26,836 | INFO | [6/6] 3361/SideOverhead: 16.133 deg over 29 DoF, r=0.941, 41.3 fps
acados was compiled without OpenMP.
acados was compiled without OpenMP.
acados was compiled without OpenMP.
acados was compiled without OpenMP.
acados was compiled without OpenMP.
acados was compiled without OpenMP.
2026-09-09 01:16:18,596 | INFO | 6 trials; 102 already summarised; cameras 0-2-4-6; N=7; marker_set=parity
/usr/lib/python3/dist-packages/scipy/__init__.py:146: UserWarning: A NumPy version >=1.17.3 and <1.25.0 is required for this version of SciPy (detected version 1.26.4
  warnings.warn(f"A NumPy version >={np_minversion} and <{np_maxversion}"
Loading /root/workspace/rt-cosmik/weights/yolo/yolov10n_b4.engine for TensorRT inference...
[09/09/2026-01:16:25] [TRT] [I] Loaded engine size: 11 MiB
[09/09/2026-01:16:25] [TRT] [I] [MemUsageChange] TensorRT-managed allocation in IExecutionContext creation: CPU +0, GPU +77, now: CPU 0, GPU 87 (MiB)
2026-09-09 01:16:47,689 | INFO | [1/6] 3361/Lifting: 12.226 deg over 29 DoF, r=0.9816, 41.9 fps
2026-09-09 01:17:35,706 | INFO | [2/6] 3361/Polishing: 13.792 deg over 29 DoF, r=0.9314, 40.6 fps
2026-09-09 01:18:51,919 | INFO | [3/6] 3361/RobotPolishing: 14.002 deg over 29 DoF, r=0.9356, 41.2 fps
2026-09-09 01:19:54,690 | INFO | [4/6] 3361/RobotWelding: 13.369 deg over 29 DoF, r=0.9218, 41.3 fps
2026-09-09 01:20:40,642 | INFO | [5/6] 3361/Screwing: 15.688 deg over 29 DoF, r=0.8821, 41.4 fps
2026-09-09 01:21:53,780 | INFO | [6/6] 3361/SideOverhead: 14.263 deg over 29 DoF, r=0.9635, 42.2 fps
acados was compiled without OpenMP.
acados was compiled without OpenMP.
acados was compiled without OpenMP.
acados was compiled without OpenMP.
acados was compiled without OpenMP.
acados was compiled without OpenMP.
2026-09-09 12:34:06,287 | INFO | 6 trials; 0 already summarised; cameras 0-2-4-6; N=7; marker_set=parity
/usr/lib/python3/dist-packages/scipy/__init__.py:146: UserWarning: A NumPy version >=1.17.3 and <1.25.0 is required for this version of SciPy (detected version 1.26.4
  warnings.warn(f"A NumPy version >={np_minversion} and <{np_maxversion}"
Loading /root/workspace/rt-cosmik/weights/yolo/yolov10n_b4.engine for TensorRT inference...
[09/09/2026-12:34:31] [TRT] [I] Loaded engine size: 11 MiB
[09/09/2026-12:34:31] [TRT] [I] [MemUsageChange] TensorRT-managed allocation in IExecutionContext creation: CPU +0, GPU +77, now: CPU 0, GPU 87 (MiB)
2026-09-09 12:35:46,974 | INFO | [1/6] 1012/Lifting: 12.512 deg over 29 DoF, r=0.9987, 26.9 fps
2026-09-09 12:36:44,792 | INFO | [2/6] 1012/Polishing: 13.811 deg over 29 DoF, r=0.9808, 32.9 fps
2026-09-09 12:38:16,075 | INFO | [3/6] 1012/RobotPolishing: 11.332 deg over 29 DoF, r=0.9778, 30.8 fps
2026-09-09 12:39:17,358 | INFO | [4/6] 1012/RobotWelding: 12.343 deg over 29 DoF, r=0.9693, 32.5 fps
2026-09-09 12:40:44,082 | INFO | [5/6] 1012/Screwing: 14.663 deg over 29 DoF, r=0.9288, 32.6 fps
2026-09-09 12:42:49,853 | INFO | [6/6] 1012/SideOverhead: 16.491 deg over 29 DoF, r=0.9743, 31.9 fps
acados was compiled without OpenMP.
acados was compiled without OpenMP.
acados was compiled without OpenMP.
acados was compiled without OpenMP.
acados was compiled without OpenMP.
acados was compiled without OpenMP.
2026-09-09 12:42:51,127 | INFO | 6 trials; 6 already summarised; cameras 0-2-4-6; N=7; marker_set=parity
/usr/lib/python3/dist-packages/scipy/__init__.py:146: UserWarning: A NumPy version >=1.17.3 and <1.25.0 is required for this version of SciPy (detected version 1.26.4
  warnings.warn(f"A NumPy version >={np_minversion} and <{np_maxversion}"
Loading /root/workspace/rt-cosmik/weights/yolo/yolov10n_b4.engine for TensorRT inference...
[09/09/2026-12:43:05] [TRT] [I] Loaded engine size: 11 MiB
[09/09/2026-12:43:05] [TRT] [I] [MemUsageChange] TensorRT-managed allocation in IExecutionContext creation: CPU +0, GPU +77, now: CPU 0, GPU 87 (MiB)
2026-09-09 12:43:39,420 | INFO | [1/6] 1118/Lifting: 11.546 deg over 29 DoF, r=0.9952, 34.3 fps
2026-09-09 12:45:16,682 | INFO | [2/6] 1118/Polishing: 14.727 deg over 29 DoF, r=0.84, 30.7 fps
2026-09-09 12:46:48,698 | INFO | [3/6] 1118/RobotPolishing: 12.653 deg over 29 DoF, r=0.8441, 33.4 fps
2026-09-09 12:47:56,587 | INFO | [4/6] 1118/RobotWelding: 12.653 deg over 29 DoF, r=0.9299, 31.3 fps
2026-09-09 12:48:11,685 | INFO | [5/6] 1118/Screwing: 13.36 deg over 29 DoF, r=0.6864, 25.5 fps
2026-09-09 12:49:45,490 | INFO | [6/6] 1118/SideOverhead: 13.702 deg over 29 DoF, r=0.9206, 31.6 fps
acados was compiled without OpenMP.
acados was compiled without OpenMP.
acados was compiled without OpenMP.
acados was compiled without OpenMP.
acados was compiled without OpenMP.
acados was compiled without OpenMP.
2026-09-09 12:49:46,716 | INFO | 6 trials; 12 already summarised; cameras 0-2-4-6; N=7; marker_set=parity
/usr/lib/python3/dist-packages/scipy/__init__.py:146: UserWarning: A NumPy version >=1.17.3 and <1.25.0 is required for this version of SciPy (detected version 1.26.4
  warnings.warn(f"A NumPy version >={np_minversion} and <{np_maxversion}"
Loading /root/workspace/rt-cosmik/weights/yolo/yolov10n_b4.engine for TensorRT inference...
[09/09/2026-12:49:53] [TRT] [I] Loaded engine size: 11 MiB
[09/09/2026-12:49:53] [TRT] [I] [MemUsageChange] TensorRT-managed allocation in IExecutionContext creation: CPU +0, GPU +77, now: CPU 0, GPU 87 (MiB)
2026-09-09 12:50:54,126 | INFO | [1/6] 1508/Lifting: 12.644 deg over 29 DoF, r=0.9983, 30.1 fps
2026-09-09 12:51:56,639 | INFO | [2/6] 1508/Polishing: 13.857 deg over 29 DoF, r=0.6478, 32.8 fps
2026-09-09 12:53:39,053 | INFO | [3/6] 1508/RobotPolishing: 11.377 deg over 29 DoF, r=0.9566, 30.7 fps
2026-09-09 12:55:10,273 | INFO | [4/6] 1508/RobotWelding: 11.688 deg over 29 DoF, r=0.9757, 33.3 fps
2026-09-09 12:56:23,349 | INFO | [5/6] 1508/Screwing: 12.21 deg over 29 DoF, r=0.8076, 32.4 fps
2026-09-09 12:58:04,831 | INFO | [6/6] 1508/SideOverhead: 13.331 deg over 29 DoF, r=0.9613, 30.3 fps
acados was compiled without OpenMP.
acados was compiled without OpenMP.
acados was compiled without OpenMP.
acados was compiled without OpenMP.
acados was compiled without OpenMP.
acados was compiled without OpenMP.
2026-09-09 12:58:06,169 | INFO | 6 trials; 18 already summarised; cameras 0-2-4-6; N=7; marker_set=parity
/usr/lib/python3/dist-packages/scipy/__init__.py:146: UserWarning: A NumPy version >=1.17.3 and <1.25.0 is required for this version of SciPy (detected version 1.26.4
  warnings.warn(f"A NumPy version >={np_minversion} and <{np_maxversion}"
Loading /root/workspace/rt-cosmik/weights/yolo/yolov10n_b4.engine for TensorRT inference...
[09/09/2026-12:58:21] [TRT] [I] Loaded engine size: 11 MiB
[09/09/2026-12:58:21] [TRT] [I] [MemUsageChange] TensorRT-managed allocation in IExecutionContext creation: CPU +0, GPU +77, now: CPU 0, GPU 87 (MiB)
2026-09-09 12:59:11,546 | INFO | [1/6] 1602/Lifting: 11.66 deg over 29 DoF, r=0.9752, 32.4 fps
2026-09-09 13:00:18,010 | INFO | [2/6] 1602/Polishing: 15.508 deg over 29 DoF, r=0.9467, 29.0 fps
2026-09-09 13:02:20,903 | INFO | [3/6] 1602/RobotPolishing: 14.111 deg over 29 DoF, r=0.9186, 31.5 fps
2026-09-09 13:03:41,417 | INFO | [4/6] 1602/RobotWelding: 10.967 deg over 29 DoF, r=0.9572, 28.4 fps
2026-09-09 13:05:05,572 | INFO | [5/6] 1602/Screwing: 13.383 deg over 29 DoF, r=0.9645, 30.7 fps
2026-09-09 13:07:03,889 | INFO | [6/6] 1602/SideOverhead: 18.297 deg over 29 DoF, r=0.9775, 30.1 fps
acados was compiled without OpenMP.
acados was compiled without OpenMP.
acados was compiled without OpenMP.
acados was compiled without OpenMP.
acados was compiled without OpenMP.
acados was compiled without OpenMP.
2026-09-09 13:07:05,134 | INFO | 6 trials; 24 already summarised; cameras 0-2-4-6; N=7; marker_set=parity
/usr/lib/python3/dist-packages/scipy/__init__.py:146: UserWarning: A NumPy version >=1.17.3 and <1.25.0 is required for this version of SciPy (detected version 1.26.4
  warnings.warn(f"A NumPy version >={np_minversion} and <{np_maxversion}"
Loading /root/workspace/rt-cosmik/weights/yolo/yolov10n_b4.engine for TensorRT inference...
[09/09/2026-13:07:12] [TRT] [I] Loaded engine size: 11 MiB
[09/09/2026-13:07:12] [TRT] [I] [MemUsageChange] TensorRT-managed allocation in IExecutionContext creation: CPU +0, GPU +77, now: CPU 0, GPU 87 (MiB)
2026-09-09 13:08:19,457 | INFO | [1/6] 1847/Lifting: 12.153 deg over 29 DoF, r=0.9916, 30.1 fps
2026-09-09 13:09:42,632 | INFO | [2/6] 1847/Polishing: 14.878 deg over 29 DoF, r=0.9536, 30.1 fps
2026-09-09 13:11:51,699 | INFO | [3/6] 1847/RobotPolishing: 13.978 deg over 29 DoF, r=0.96, 31.9 fps
2026-09-09 13:13:55,963 | INFO | [4/6] 1847/RobotWelding: 12.432 deg over 29 DoF, r=0.9534, 30.0 fps
2026-09-09 13:15:13,455 | INFO | [5/6] 1847/Screwing: 17.941 deg over 29 DoF, r=0.9168, 31.0 fps
2026-09-09 13:17:11,933 | INFO | [6/6] 1847/SideOverhead: 19.58 deg over 29 DoF, r=0.9509, 30.4 fps
acados was compiled without OpenMP.
acados was compiled without OpenMP.
acados was compiled without OpenMP.
acados was compiled without OpenMP.
acados was compiled without OpenMP.
acados was compiled without OpenMP.
2026-09-09 13:17:13,225 | INFO | 6 trials; 30 already summarised; cameras 0-2-4-6; N=7; marker_set=parity
/usr/lib/python3/dist-packages/scipy/__init__.py:146: UserWarning: A NumPy version >=1.17.3 and <1.25.0 is required for this version of SciPy (detected version 1.26.4
  warnings.warn(f"A NumPy version >={np_minversion} and <{np_maxversion}"
Loading /root/workspace/rt-cosmik/weights/yolo/yolov10n_b4.engine for TensorRT inference...
[09/09/2026-13:17:27] [TRT] [I] Loaded engine size: 11 MiB
[09/09/2026-13:17:27] [TRT] [I] [MemUsageChange] TensorRT-managed allocation in IExecutionContext creation: CPU +0, GPU +77, now: CPU 0, GPU 87 (MiB)
2026-09-09 13:18:25,744 | INFO | [1/6] 2112/Lifting: 11.466 deg over 29 DoF, r=0.9983, 31.4 fps
2026-09-09 13:19:30,110 | INFO | [2/6] 2112/Polishing: 12.834 deg over 29 DoF, r=0.8934, 27.7 fps
2026-09-09 13:21:06,311 | INFO | [3/6] 2112/RobotPolishing: 11.992 deg over 29 DoF, r=0.942, 32.3 fps
2026-09-09 13:22:23,810 | INFO | [4/6] 2112/RobotWelding: 12.102 deg over 29 DoF, r=0.5962, 30.4 fps
2026-09-09 13:23:55,420 | INFO | [5/6] 2112/Screwing: 13.397 deg over 29 DoF, r=0.8274, 32.5 fps
2026-09-09 13:25:12,254 | INFO | [6/6] 2112/SideOverhead: 12.673 deg over 29 DoF, r=0.9376, 30.7 fps
acados was compiled without OpenMP.
acados was compiled without OpenMP.
acados was compiled without OpenMP.
acados was compiled without OpenMP.
acados was compiled without OpenMP.
acados was compiled without OpenMP.
2026-09-09 13:25:13,559 | INFO | 6 trials; 36 already summarised; cameras 0-2-4-6; N=7; marker_set=parity
/usr/lib/python3/dist-packages/scipy/__init__.py:146: UserWarning: A NumPy version >=1.17.3 and <1.25.0 is required for this version of SciPy (detected version 1.26.4
  warnings.warn(f"A NumPy version >={np_minversion} and <{np_maxversion}"
Loading /root/workspace/rt-cosmik/weights/yolo/yolov10n_b4.engine for TensorRT inference...
[09/09/2026-13:25:26] [TRT] [I] Loaded engine size: 11 MiB
[09/09/2026-13:25:26] [TRT] [I] [MemUsageChange] TensorRT-managed allocation in IExecutionContext creation: CPU +0, GPU +77, now: CPU 0, GPU 87 (MiB)
2026-09-09 13:26:28,418 | INFO | [1/6] 2198/Lifting: 9.741 deg over 29 DoF, r=0.9976, 32.1 fps
2026-09-09 13:27:22,075 | INFO | [2/6] 2198/Polishing: 12.077 deg over 29 DoF, r=0.9582, 32.5 fps
2026-09-09 13:28:20,030 | INFO | [3/6] 2198/RobotPolishing: 9.987 deg over 29 DoF, r=0.7032, 31.2 fps
2026-09-09 13:29:40,350 | INFO | [4/6] 2198/RobotWelding: 11.127 deg over 29 DoF, r=0.7378, 30.6 fps
2026-09-09 13:30:40,805 | INFO | [5/6] 2198/Screwing: 13.596 deg over 29 DoF, r=0.93, 31.9 fps
2026-09-09 13:32:37,187 | INFO | [6/6] 2198/SideOverhead: 17.301 deg over 29 DoF, r=0.9593, 30.5 fps
acados was compiled without OpenMP.
acados was compiled without OpenMP.
acados was compiled without OpenMP.
acados was compiled without OpenMP.
acados was compiled without OpenMP.
acados was compiled without OpenMP.
2026-09-09 13:32:38,511 | INFO | 6 trials; 42 already summarised; cameras 0-2-4-6; N=7; marker_set=parity
/usr/lib/python3/dist-packages/scipy/__init__.py:146: UserWarning: A NumPy version >=1.17.3 and <1.25.0 is required for this version of SciPy (detected version 1.26.4
  warnings.warn(f"A NumPy version >={np_minversion} and <{np_maxversion}"
Loading /root/workspace/rt-cosmik/weights/yolo/yolov10n_b4.engine for TensorRT inference...
[09/09/2026-13:32:51] [TRT] [I] Loaded engine size: 11 MiB
[09/09/2026-13:32:51] [TRT] [I] [MemUsageChange] TensorRT-managed allocation in IExecutionContext creation: CPU +0, GPU +77, now: CPU 0, GPU 87 (MiB)
2026-09-09 13:33:44,604 | INFO | [1/6] 2307/Lifting: 11.496 deg over 29 DoF, r=0.9982, 31.7 fps
2026-09-09 13:34:59,210 | INFO | [2/6] 2307/Polishing: 14.151 deg over 29 DoF, r=0.9475, 31.4 fps
2026-09-09 13:36:43,410 | INFO | [3/6] 2307/RobotPolishing: 15.581 deg over 29 DoF, r=0.9432, 31.4 fps
2026-09-09 13:38:01,907 | INFO | [4/6] 2307/RobotWelding: 11.51 deg over 29 DoF, r=0.9044, 31.9 fps
2026-09-09 13:39:15,282 | INFO | [5/6] 2307/Screwing: 14.099 deg over 29 DoF, r=0.8967, 31.7 fps
2026-09-09 13:40:40,831 | INFO | [6/6] 2307/SideOverhead: 14.087 deg over 29 DoF, r=0.9492, 30.2 fps
acados was compiled without OpenMP.
acados was compiled without OpenMP.
acados was compiled without OpenMP.
acados was compiled without OpenMP.
acados was compiled without OpenMP.
acados was compiled without OpenMP.
2026-09-09 13:40:42,056 | INFO | 6 trials; 48 already summarised; cameras 0-2-4-6; N=7; marker_set=parity
/usr/lib/python3/dist-packages/scipy/__init__.py:146: UserWarning: A NumPy version >=1.17.3 and <1.25.0 is required for this version of SciPy (detected version 1.26.4
  warnings.warn(f"A NumPy version >={np_minversion} and <{np_maxversion}"
Loading /root/workspace/rt-cosmik/weights/yolo/yolov10n_b4.engine for TensorRT inference...
[09/09/2026-13:40:48] [TRT] [I] Loaded engine size: 11 MiB
[09/09/2026-13:40:48] [TRT] [I] [MemUsageChange] TensorRT-managed allocation in IExecutionContext creation: CPU +0, GPU +77, now: CPU 0, GPU 87 (MiB)
2026-09-09 13:41:11,380 | INFO | [1/6] 3361/Lifting: 12.23 deg over 29 DoF, r=0.9813, 41.6 fps
2026-09-09 13:41:58,668 | INFO | [2/6] 3361/Polishing: 13.776 deg over 29 DoF, r=0.9332, 41.2 fps
2026-09-09 13:43:13,709 | INFO | [3/6] 3361/RobotPolishing: 13.997 deg over 29 DoF, r=0.9364, 41.8 fps
2026-09-09 13:44:16,738 | INFO | [4/6] 3361/RobotWelding: 13.363 deg over 29 DoF, r=0.9245, 41.1 fps
2026-09-09 13:45:05,056 | INFO | [5/6] 3361/Screwing: 15.687 deg over 29 DoF, r=0.8828, 39.4 fps
2026-09-09 13:46:32,414 | INFO | [6/6] 3361/SideOverhead: 14.241 deg over 29 DoF, r=0.963, 35.3 fps
acados was compiled without OpenMP.
acados was compiled without OpenMP.
acados was compiled without OpenMP.
acados was compiled without OpenMP.
acados was compiled without OpenMP.
acados was compiled without OpenMP.
2026-09-09 13:46:33,629 | INFO | 6 trials; 54 already summarised; cameras 0-2-4-6; N=7; marker_set=parity
/usr/lib/python3/dist-packages/scipy/__init__.py:146: UserWarning: A NumPy version >=1.17.3 and <1.25.0 is required for this version of SciPy (detected version 1.26.4
  warnings.warn(f"A NumPy version >={np_minversion} and <{np_maxversion}"
2026-09-09 13:46:34,558 | WARNING | Camera 0 in /root/workspace/COMFI/cam_params/4162/extrinsics/cam_to_world/camera_0 has 2 calibration sessions (calib_1, calib_2); using calib_1. Pass calib_session to choose explicitly.
2026-09-09 13:46:34,558 | WARNING | Camera 2 in /root/workspace/COMFI/cam_params/4162/extrinsics/cam_to_world/camera_2 has 2 calibration sessions (calib_1, calib_2); using calib_1. Pass calib_session to choose explicitly.
2026-09-09 13:46:34,558 | WARNING | Camera 4 in /root/workspace/COMFI/cam_params/4162/extrinsics/cam_to_world/camera_4 has 2 calibration sessions (calib_1, calib_2); using calib_1. Pass calib_session to choose explicitly.
2026-09-09 13:46:34,558 | WARNING | Camera 6 in /root/workspace/COMFI/cam_params/4162/extrinsics/cam_to_world/camera_6 has 2 calibration sessions (calib_1, calib_2); using calib_1. Pass calib_session to choose explicitly.
2026-09-09 13:46:34,559 | WARNING | Camera 0 in /root/workspace/COMFI/cam_params/4162/extrinsics/cam_to_world/camera_0 has 2 calibration sessions (calib_1, calib_2); using calib_1. Pass calib_session to choose explicitly.
Loading /root/workspace/rt-cosmik/weights/yolo/yolov10n_b4.engine for TensorRT inference...
[09/09/2026-13:46:40] [TRT] [I] Loaded engine size: 11 MiB
[09/09/2026-13:46:40] [TRT] [I] [MemUsageChange] TensorRT-managed allocation in IExecutionContext creation: CPU +0, GPU +77, now: CPU 0, GPU 87 (MiB)
2026-09-09 13:47:30,060 | INFO | [1/6] 4162/Lifting: 13.197 deg over 29 DoF, r=0.9987, 41.7 fps
2026-09-09 13:47:30,061 | WARNING | Camera 0 in /root/workspace/COMFI/cam_params/4162/extrinsics/cam_to_world/camera_0 has 2 calibration sessions (calib_1, calib_2); using calib_1. Pass calib_session to choose explicitly.
2026-09-09 13:47:30,061 | WARNING | Camera 2 in /root/workspace/COMFI/cam_params/4162/extrinsics/cam_to_world/camera_2 has 2 calibration sessions (calib_1, calib_2); using calib_1. Pass calib_session to choose explicitly.
2026-09-09 13:47:30,061 | WARNING | Camera 4 in /root/workspace/COMFI/cam_params/4162/extrinsics/cam_to_world/camera_4 has 2 calibration sessions (calib_1, calib_2); using calib_1. Pass calib_session to choose explicitly.
2026-09-09 13:47:30,061 | WARNING | Camera 6 in /root/workspace/COMFI/cam_params/4162/extrinsics/cam_to_world/camera_6 has 2 calibration sessions (calib_1, calib_2); using calib_1. Pass calib_session to choose explicitly.
2026-09-09 13:47:30,061 | WARNING | Camera 0 in /root/workspace/COMFI/cam_params/4162/extrinsics/cam_to_world/camera_0 has 2 calibration sessions (calib_1, calib_2); using calib_1. Pass calib_session to choose explicitly.
2026-09-09 13:48:32,504 | INFO | [2/6] 4162/Polishing: 15.882 deg over 29 DoF, r=0.9389, 40.1 fps
2026-09-09 13:48:32,504 | WARNING | Camera 0 in /root/workspace/COMFI/cam_params/4162/extrinsics/cam_to_world/camera_0 has 2 calibration sessions (calib_1, calib_2); using calib_1. Pass calib_session to choose explicitly.
2026-09-09 13:48:32,504 | WARNING | Camera 2 in /root/workspace/COMFI/cam_params/4162/extrinsics/cam_to_world/camera_2 has 2 calibration sessions (calib_1, calib_2); using calib_1. Pass calib_session to choose explicitly.
2026-09-09 13:48:32,505 | WARNING | Camera 4 in /root/workspace/COMFI/cam_params/4162/extrinsics/cam_to_world/camera_4 has 2 calibration sessions (calib_1, calib_2); using calib_1. Pass calib_session to choose explicitly.
2026-09-09 13:48:32,505 | WARNING | Camera 6 in /root/workspace/COMFI/cam_params/4162/extrinsics/cam_to_world/camera_6 has 2 calibration sessions (calib_1, calib_2); using calib_1. Pass calib_session to choose explicitly.
2026-09-09 13:48:32,505 | WARNING | Camera 0 in /root/workspace/COMFI/cam_params/4162/extrinsics/cam_to_world/camera_0 has 2 calibration sessions (calib_1, calib_2); using calib_1. Pass calib_session to choose explicitly.
2026-09-09 13:49:44,688 | INFO | [3/6] 4162/RobotPolishing: 17.024 deg over 29 DoF, r=0.947, 41.7 fps
2026-09-09 13:49:44,688 | WARNING | Camera 0 in /root/workspace/COMFI/cam_params/4162/extrinsics/cam_to_world/camera_0 has 2 calibration sessions (calib_1, calib_2); using calib_1. Pass calib_session to choose explicitly.
2026-09-09 13:49:44,688 | WARNING | Camera 2 in /root/workspace/COMFI/cam_params/4162/extrinsics/cam_to_world/camera_2 has 2 calibration sessions (calib_1, calib_2); using calib_1. Pass calib_session to choose explicitly.
2026-09-09 13:49:44,688 | WARNING | Camera 4 in /root/workspace/COMFI/cam_params/4162/extrinsics/cam_to_world/camera_4 has 2 calibration sessions (calib_1, calib_2); using calib_1. Pass calib_session to choose explicitly.
2026-09-09 13:49:44,688 | WARNING | Camera 6 in /root/workspace/COMFI/cam_params/4162/extrinsics/cam_to_world/camera_6 has 2 calibration sessions (calib_1, calib_2); using calib_1. Pass calib_session to choose explicitly.
2026-09-09 13:49:44,689 | WARNING | Camera 0 in /root/workspace/COMFI/cam_params/4162/extrinsics/cam_to_world/camera_0 has 2 calibration sessions (calib_1, calib_2); using calib_1. Pass calib_session to choose explicitly.
2026-09-09 13:50:50,410 | INFO | [4/6] 4162/RobotWelding: 17.722 deg over 29 DoF, r=0.9267, 41.5 fps
2026-09-09 13:50:50,411 | WARNING | Camera 0 in /root/workspace/COMFI/cam_params/4162/extrinsics/cam_to_world/camera_0 has 2 calibration sessions (calib_1, calib_2); using calib_1. Pass calib_session to choose explicitly.
2026-09-09 13:50:50,411 | WARNING | Camera 2 in /root/workspace/COMFI/cam_params/4162/extrinsics/cam_to_world/camera_2 has 2 calibration sessions (calib_1, calib_2); using calib_1. Pass calib_session to choose explicitly.
2026-09-09 13:50:50,411 | WARNING | Camera 4 in /root/workspace/COMFI/cam_params/4162/extrinsics/cam_to_world/camera_4 has 2 calibration sessions (calib_1, calib_2); using calib_1. Pass calib_session to choose explicitly.
2026-09-09 13:50:50,411 | WARNING | Camera 6 in /root/workspace/COMFI/cam_params/4162/extrinsics/cam_to_world/camera_6 has 2 calibration sessions (calib_1, calib_2); using calib_1. Pass calib_session to choose explicitly.
2026-09-09 13:50:50,411 | WARNING | Camera 0 in /root/workspace/COMFI/cam_params/4162/extrinsics/cam_to_world/camera_0 has 2 calibration sessions (calib_1, calib_2); using calib_1. Pass calib_session to choose explicitly.
2026-09-09 13:52:15,393 | INFO | [5/6] 4162/Screwing: 16.974 deg over 29 DoF, r=0.8155, 36.6 fps
2026-09-09 13:52:15,394 | WARNING | Camera 0 in /root/workspace/COMFI/cam_params/4162/extrinsics/cam_to_world/camera_0 has 2 calibration sessions (calib_1, calib_2); using calib_1. Pass calib_session to choose explicitly.
2026-09-09 13:52:15,394 | WARNING | Camera 2 in /root/workspace/COMFI/cam_params/4162/extrinsics/cam_to_world/camera_2 has 2 calibration sessions (calib_1, calib_2); using calib_1. Pass calib_session to choose explicitly.
2026-09-09 13:52:15,394 | WARNING | Camera 4 in /root/workspace/COMFI/cam_params/4162/extrinsics/cam_to_world/camera_4 has 2 calibration sessions (calib_1, calib_2); using calib_1. Pass calib_session to choose explicitly.
2026-09-09 13:52:15,394 | WARNING | Camera 6 in /root/workspace/COMFI/cam_params/4162/extrinsics/cam_to_world/camera_6 has 2 calibration sessions (calib_1, calib_2); using calib_1. Pass calib_session to choose explicitly.
2026-09-09 13:52:15,394 | WARNING | Camera 0 in /root/workspace/COMFI/cam_params/4162/extrinsics/cam_to_world/camera_0 has 2 calibration sessions (calib_1, calib_2); using calib_1. Pass calib_session to choose explicitly.
2026-09-09 13:53:44,399 | INFO | [6/6] 4162/SideOverhead: 25.536 deg over 29 DoF, r=0.937, 39.3 fps
acados was compiled without OpenMP.
acados was compiled without OpenMP.
acados was compiled without OpenMP.
acados was compiled without OpenMP.
acados was compiled without OpenMP.
acados was compiled without OpenMP.
2026-09-09 13:53:45,668 | INFO | 6 trials; 60 already summarised; cameras 0-2-4-6; N=7; marker_set=parity
/usr/lib/python3/dist-packages/scipy/__init__.py:146: UserWarning: A NumPy version >=1.17.3 and <1.25.0 is required for this version of SciPy (detected version 1.26.4
  warnings.warn(f"A NumPy version >={np_minversion} and <{np_maxversion}"
Loading /root/workspace/rt-cosmik/weights/yolo/yolov10n_b4.engine for TensorRT inference...
[09/09/2026-13:53:58] [TRT] [I] Loaded engine size: 11 MiB
[09/09/2026-13:53:58] [TRT] [I] [MemUsageChange] TensorRT-managed allocation in IExecutionContext creation: CPU +0, GPU +77, now: CPU 0, GPU 87 (MiB)
2026-09-09 13:54:33,373 | INFO | [1/6] 4216/Lifting: 12.732 deg over 29 DoF, r=0.9977, 34.9 fps
2026-09-09 13:55:31,650 | INFO | [2/6] 4216/Polishing: 13.48 deg over 29 DoF, r=0.9088, 31.8 fps
2026-09-09 13:56:47,704 | INFO | [3/6] 4216/RobotPolishing: 14.305 deg over 29 DoF, r=0.9226, 30.2 fps
2026-09-09 13:58:12,857 | INFO | [4/6] 4216/RobotWelding: 11.585 deg over 29 DoF, r=0.9167, 30.5 fps
2026-09-09 13:59:25,209 | INFO | [5/6] 4216/Screwing: 13.608 deg over 29 DoF, r=0.9704, 30.2 fps
2026-09-09 14:01:20,151 | INFO | [6/6] 4216/SideOverhead: 15.846 deg over 29 DoF, r=0.9715, 27.1 fps
acados was compiled without OpenMP.
acados was compiled without OpenMP.
acados was compiled without OpenMP.
acados was compiled without OpenMP.
acados was compiled without OpenMP.
acados was compiled without OpenMP.
2026-09-09 14:01:21,552 | INFO | 6 trials; 66 already summarised; cameras 0-2-4-6; N=7; marker_set=parity
/usr/lib/python3/dist-packages/scipy/__init__.py:146: UserWarning: A NumPy version >=1.17.3 and <1.25.0 is required for this version of SciPy (detected version 1.26.4
  warnings.warn(f"A NumPy version >={np_minversion} and <{np_maxversion}"
Loading /root/workspace/rt-cosmik/weights/yolo/yolov10n_b4.engine for TensorRT inference...
[09/09/2026-14:01:47] [TRT] [I] Loaded engine size: 11 MiB
[09/09/2026-14:01:47] [TRT] [I] [MemUsageChange] TensorRT-managed allocation in IExecutionContext creation: CPU +0, GPU +77, now: CPU 0, GPU 87 (MiB)
2026-09-09 14:02:44,225 | INFO | [1/6] 4279/Lifting: 12.182 deg over 29 DoF, r=0.9782, 40.1 fps
2026-09-09 14:03:26,129 | INFO | [2/6] 4279/Polishing: 13.984 deg over 29 DoF, r=0.9055, 42.1 fps
2026-09-09 14:04:49,195 | INFO | [3/6] 4279/RobotPolishing: 11.668 deg over 29 DoF, r=0.8427, 35.4 fps
2026-09-09 14:06:12,422 | INFO | [4/6] 4279/RobotWelding: 11.941 deg over 29 DoF, r=0.938, 32.1 fps
2026-09-09 14:07:20,586 | INFO | [5/6] 4279/Screwing: 14.797 deg over 29 DoF, r=0.9665, 41.7 fps
2026-09-09 14:08:29,588 | INFO | [6/6] 4279/SideOverhead: 14.207 deg over 29 DoF, r=0.9721, 41.1 fps
acados was compiled without OpenMP.
acados was compiled without OpenMP.
acados was compiled without OpenMP.
acados was compiled without OpenMP.
acados was compiled without OpenMP.
acados was compiled without OpenMP.
2026-09-09 14:08:30,824 | INFO | 6 trials; 72 already summarised; cameras 0-2-4-6; N=7; marker_set=parity
/usr/lib/python3/dist-packages/scipy/__init__.py:146: UserWarning: A NumPy version >=1.17.3 and <1.25.0 is required for this version of SciPy (detected version 1.26.4
  warnings.warn(f"A NumPy version >={np_minversion} and <{np_maxversion}"
Loading /root/workspace/rt-cosmik/weights/yolo/yolov10n_b4.engine for TensorRT inference...
[09/09/2026-14:08:37] [TRT] [I] Loaded engine size: 11 MiB
[09/09/2026-14:08:37] [TRT] [I] [MemUsageChange] TensorRT-managed allocation in IExecutionContext creation: CPU +0, GPU +77, now: CPU 0, GPU 87 (MiB)
2026-09-09 14:09:15,122 | INFO | [1/6] 4509/Lifting: 14.041 deg over 29 DoF, r=0.9896, 41.3 fps
2026-09-09 14:10:06,833 | INFO | [2/6] 4509/Polishing: 13.276 deg over 29 DoF, r=0.8438, 41.4 fps
2026-09-09 14:11:15,968 | INFO | [3/6] 4509/RobotPolishing: 11.25 deg over 29 DoF, r=0.9339, 41.0 fps
2026-09-09 14:12:24,444 | INFO | [4/6] 4509/RobotWelding: 11.846 deg over 29 DoF, r=0.9518, 40.6 fps
2026-09-09 14:13:22,585 | INFO | [5/6] 4509/Screwing: 12.937 deg over 29 DoF, r=0.8505, 40.7 fps
2026-09-09 14:14:12,603 | INFO | [6/6] 4509/SideOverhead: 16.603 deg over 29 DoF, r=0.9422, 41.0 fps
acados was compiled without OpenMP.
acados was compiled without OpenMP.
acados was compiled without OpenMP.
acados was compiled without OpenMP.
acados was compiled without OpenMP.
acados was compiled without OpenMP.
2026-09-09 14:14:13,832 | INFO | 6 trials; 78 already summarised; cameras 0-2-4-6; N=7; marker_set=parity
/usr/lib/python3/dist-packages/scipy/__init__.py:146: UserWarning: A NumPy version >=1.17.3 and <1.25.0 is required for this version of SciPy (detected version 1.26.4
  warnings.warn(f"A NumPy version >={np_minversion} and <{np_maxversion}"
Loading /root/workspace/rt-cosmik/weights/yolo/yolov10n_b4.engine for TensorRT inference...
[09/09/2026-14:14:20] [TRT] [I] Loaded engine size: 11 MiB
[09/09/2026-14:14:20] [TRT] [I] [MemUsageChange] TensorRT-managed allocation in IExecutionContext creation: CPU +0, GPU +77, now: CPU 0, GPU 87 (MiB)
2026-09-09 14:15:11,034 | INFO | [1/6] 4612/Lifting: 8.875 deg over 29 DoF, r=0.9957, 42.1 fps
2026-09-09 14:15:56,385 | INFO | [2/6] 4612/Polishing: 10.715 deg over 29 DoF, r=0.817, 42.4 fps
2026-09-09 14:17:06,543 | INFO | [3/6] 4612/RobotPolishing: 12.309 deg over 29 DoF, r=0.942, 41.7 fps
2026-09-09 14:18:00,157 | INFO | [4/6] 4612/RobotWelding: 10.548 deg over 29 DoF, r=0.9457, 41.9 fps
2026-09-09 14:18:54,126 | INFO | [5/6] 4612/Screwing: 8.341 deg over 29 DoF, r=0.9716, 41.8 fps
2026-09-09 14:19:54,693 | INFO | [6/6] 4612/SideOverhead: 13.746 deg over 29 DoF, r=0.9031, 42.5 fps
acados was compiled without OpenMP.
acados was compiled without OpenMP.
acados was compiled without OpenMP.
acados was compiled without OpenMP.
acados was compiled without OpenMP.
acados was compiled without OpenMP.
2026-09-09 14:19:55,967 | INFO | 6 trials; 84 already summarised; cameras 0-2-4-6; N=7; marker_set=parity
/usr/lib/python3/dist-packages/scipy/__init__.py:146: UserWarning: A NumPy version >=1.17.3 and <1.25.0 is required for this version of SciPy (detected version 1.26.4
  warnings.warn(f"A NumPy version >={np_minversion} and <{np_maxversion}"
Loading /root/workspace/rt-cosmik/weights/yolo/yolov10n_b4.engine for TensorRT inference...
[09/09/2026-14:20:02] [TRT] [I] Loaded engine size: 11 MiB
[09/09/2026-14:20:02] [TRT] [I] [MemUsageChange] TensorRT-managed allocation in IExecutionContext creation: CPU +0, GPU +77, now: CPU 0, GPU 87 (MiB)
2026-09-09 14:20:49,583 | INFO | [1/6] 4665/Lifting: 13.371 deg over 29 DoF, r=0.995, 42.1 fps
2026-09-09 14:22:05,640 | INFO | [2/6] 4665/Polishing: 17.186 deg over 29 DoF, r=0.9603, 41.8 fps
2026-09-09 14:23:34,359 | INFO | [3/6] 4665/RobotPolishing: 17.123 deg over 29 DoF, r=0.9352, 41.1 fps
2026-09-09 14:24:53,094 | INFO | [4/6] 4665/RobotWelding: 22.211 deg over 29 DoF, r=0.9614, 41.4 fps
2026-09-09 14:26:12,336 | INFO | [5/6] 4665/Screwing: 15.646 deg over 29 DoF, r=0.9404, 42.9 fps
2026-09-09 14:27:29,233 | INFO | [6/6] 4665/SideOverhead: 18.837 deg over 29 DoF, r=0.8928, 41.9 fps
acados was compiled without OpenMP.
acados was compiled without OpenMP.
acados was compiled without OpenMP.
acados was compiled without OpenMP.
acados was compiled without OpenMP.
acados was compiled without OpenMP.
2026-09-09 14:27:30,480 | INFO | 6 trials; 90 already summarised; cameras 0-2-4-6; N=7; marker_set=parity
/usr/lib/python3/dist-packages/scipy/__init__.py:146: UserWarning: A NumPy version >=1.17.3 and <1.25.0 is required for this version of SciPy (detected version 1.26.4
  warnings.warn(f"A NumPy version >={np_minversion} and <{np_maxversion}"
Loading /root/workspace/rt-cosmik/weights/yolo/yolov10n_b4.engine for TensorRT inference...
[09/09/2026-14:27:37] [TRT] [I] Loaded engine size: 11 MiB
[09/09/2026-14:27:37] [TRT] [I] [MemUsageChange] TensorRT-managed allocation in IExecutionContext creation: CPU +0, GPU +77, now: CPU 0, GPU 87 (MiB)
2026-09-09 14:28:19,541 | INFO | [1/6] 4687/Lifting: 12.576 deg over 29 DoF, r=0.9979, 42.5 fps
2026-09-09 14:28:56,451 | INFO | [2/6] 4687/Polishing: 14.681 deg over 29 DoF, r=0.8709, 41.7 fps
2026-09-09 14:29:45,946 | INFO | [3/6] 4687/RobotPolishing: 12.588 deg over 29 DoF, r=0.9472, 43.3 fps
2026-09-09 14:30:29,532 | INFO | [4/6] 4687/RobotWelding: 12.089 deg over 29 DoF, r=0.9637, 43.1 fps
2026-09-09 14:31:17,839 | INFO | [5/6] 4687/Screwing: 12.168 deg over 29 DoF, r=0.9287, 40.9 fps
2026-09-09 14:31:54,475 | INFO | [6/6] 4687/SideOverhead: 14.195 deg over 29 DoF, r=0.9564, 42.1 fps
acados was compiled without OpenMP.
acados was compiled without OpenMP.
acados was compiled without OpenMP.
acados was compiled without OpenMP.
acados was compiled without OpenMP.
acados was compiled without OpenMP.
2026-09-09 14:31:55,723 | INFO | 6 trials; 96 already summarised; cameras 0-2-4-6; N=7; marker_set=parity
/usr/lib/python3/dist-packages/scipy/__init__.py:146: UserWarning: A NumPy version >=1.17.3 and <1.25.0 is required for this version of SciPy (detected version 1.26.4
  warnings.warn(f"A NumPy version >={np_minversion} and <{np_maxversion}"
Loading /root/workspace/rt-cosmik/weights/yolo/yolov10n_b4.engine for TensorRT inference...
[09/09/2026-14:32:02] [TRT] [I] Loaded engine size: 11 MiB
[09/09/2026-14:32:02] [TRT] [I] [MemUsageChange] TensorRT-managed allocation in IExecutionContext creation: CPU +0, GPU +77, now: CPU 0, GPU 87 (MiB)
2026-09-09 14:32:32,874 | INFO | [1/6] 4801/Lifting: 15.005 deg over 29 DoF, r=0.9983, 41.6 fps
2026-09-09 14:33:44,445 | INFO | [2/6] 4801/Polishing: 16.301 deg over 29 DoF, r=0.7761, 43.2 fps
2026-09-09 14:35:21,264 | INFO | [3/6] 4801/RobotPolishing: 16.639 deg over 29 DoF, r=0.7888, 42.9 fps
2026-09-09 14:36:21,735 | INFO | [4/6] 4801/RobotWelding: 18.633 deg over 29 DoF, r=0.8419, 41.5 fps
2026-09-09 14:37:29,140 | INFO | [5/6] 4801/Screwing: 15.955 deg over 29 DoF, r=0.8244, 42.4 fps
2026-09-09 14:39:15,690 | INFO | [6/6] 4801/SideOverhead: 24.86 deg over 29 DoF, r=0.9224, 41.7 fps
acados was compiled without OpenMP.
acados was compiled without OpenMP.
acados was compiled without OpenMP.
acados was compiled without OpenMP.
acados was compiled without OpenMP.
acados was compiled without OpenMP.
2026-09-09 14:39:16,906 | INFO | 6 trials; 102 already summarised; cameras 0-2-4-6; N=7; marker_set=parity
/usr/lib/python3/dist-packages/scipy/__init__.py:146: UserWarning: A NumPy version >=1.17.3 and <1.25.0 is required for this version of SciPy (detected version 1.26.4
  warnings.warn(f"A NumPy version >={np_minversion} and <{np_maxversion}"
Loading /root/workspace/rt-cosmik/weights/yolo/yolov10n_b4.engine for TensorRT inference...
[09/09/2026-14:39:23] [TRT] [I] Loaded engine size: 11 MiB
[09/09/2026-14:39:23] [TRT] [I] [MemUsageChange] TensorRT-managed allocation in IExecutionContext creation: CPU +0, GPU +77, now: CPU 0, GPU 87 (MiB)
2026-09-09 14:39:59,138 | INFO | [1/6] 4827/Lifting: 13.61 deg over 29 DoF, r=0.9858, 41.3 fps
2026-09-09 14:40:44,712 | INFO | [2/6] 4827/Polishing: 14.134 deg over 29 DoF, r=0.9625, 41.3 fps
2026-09-09 14:41:44,238 | INFO | [3/6] 4827/RobotPolishing: 13.018 deg over 29 DoF, r=0.7822, 41.3 fps
2026-09-09 14:42:39,035 | INFO | [4/6] 4827/RobotWelding: 12.389 deg over 29 DoF, r=0.8211, 41.4 fps
2026-09-09 14:43:34,482 | INFO | [5/6] 4827/Screwing: 13.705 deg over 29 DoF, r=0.8683, 41.9 fps
2026-09-09 14:44:37,863 | INFO | [6/6] 4827/SideOverhead: 14.713 deg over 29 DoF, r=0.9051, 42.0 fps
acados was compiled without OpenMP.
acados was compiled without OpenMP.
acados was compiled without OpenMP.
acados was compiled without OpenMP.
acados was compiled without OpenMP.
acados was compiled without OpenMP.
