=== 2026-09-09 11:52:00  NLF precheck ===
  NLF precheck passed
=== 2026-09-09 11:52:01  stage mmpose_0-2-4-6  ===
  11:54:20 participant 1012 rc=0, 6 rows so far
  11:56:18 participant 1118 rc=0, 12 rows so far
  11:58:33 participant 1508 rc=0, 18 rows so far
  12:00:54 participant 1602 rc=0, 24 rows so far
  12:03:28 participant 1847 rc=0, 30 rows so far
  12:05:30 participant 2112 rc=0, 36 rows so far
  12:07:21 participant 2198 rc=0, 42 rows so far
  12:09:36 participant 2307 rc=0, 48 rows so far
  12:11:45 participant 3361 rc=0, 54 rows so far
  12:14:42 participant 4162 rc=0, 60 rows so far
  12:16:58 participant 4216 rc=0, 66 rows so far
  12:19:24 participant 4279 rc=0, 72 rows so far
  12:21:51 participant 4509 rc=0, 78 rows so far
  12:23:54 participant 4612 rc=0, 84 rows so far
  12:27:05 participant 4665 rc=0, 90 rows so far
  12:28:47 participant 4687 rc=0, 96 rows so far
  12:31:58 participant 4801 rc=0, 102 rows so far
  12:34:05 participant 4827 rc=0, 108 rows so far
=== 2026-09-09 12:34:05  mmpose_0-2-4-6 finished ===
=== 2026-09-09 12:34:05  stage nlf_0-2-4-6  ===
  12:42:50 participant 1012 rc=0, 6 rows so far
  12:49:46 participant 1118 rc=0, 12 rows so far
  12:58:05 participant 1508 rc=0, 18 rows so far
  13:07:04 participant 1602 rc=0, 24 rows so far
  13:17:12 participant 1847 rc=0, 30 rows so far
  13:25:12 participant 2112 rc=0, 36 rows so far
  13:32:37 participant 2198 rc=0, 42 rows so far
  13:40:41 participant 2307 rc=0, 48 rows so far
  13:46:32 participant 3361 rc=0, 54 rows so far
  13:53:45 participant 4162 rc=0, 60 rows so far
  14:01:20 participant 4216 rc=0, 66 rows so far
  14:08:30 participant 4279 rc=0, 72 rows so far
  14:14:13 participant 4509 rc=0, 78 rows so far
  14:19:55 participant 4612 rc=0, 84 rows so far
  14:27:29 participant 4665 rc=0, 90 rows so far
  14:31:55 participant 4687 rc=0, 96 rows so far
  14:39:16 participant 4801 rc=0, 102 rows so far
  14:44:38 participant 4827 rc=0, 108 rows so far
=== 2026-09-09 14:44:38  nlf_0-2-4-6 finished ===
=== 2026-09-09 14:44:38  stage mmpose_0-2  ===
  14:46:11 participant 1012 rc=0, 6 rows so far
  14:47:41 participant 1118 rc=0, 12 rows so far
  14:49:17 participant 1508 rc=0, 18 rows so far
  14:50:57 participant 1602 rc=0, 24 rows so far
  14:52:48 participant 1847 rc=0, 30 rows so far
  14:54:16 participant 2112 rc=0, 36 rows so far
  14:55:42 participant 2198 rc=0, 42 rows so far
  14:57:11 participant 2307 rc=0, 48 rows so far
  14:58:40 participant 3361 rc=0, 54 rows so far
  15:00:23 participant 4162 rc=0, 60 rows so far
  15:01:47 participant 4216 rc=0, 66 rows so far
  15:03:19 participant 4279 rc=0, 72 rows so far
  15:04:45 participant 4509 rc=0, 78 rows so far
  15:06:10 participant 4612 rc=0, 84 rows so far
  15:08:01 participant 4665 rc=0, 90 rows so far
  15:09:08 participant 4687 rc=0, 96 rows so far
  15:10:59 participant 4801 rc=0, 102 rows so far
  15:12:19 participant 4827 rc=0, 108 rows so far
=== 2026-09-09 15:12:19  mmpose_0-2 finished ===
=== 2026-09-09 15:12:19  stage nlf_0-2  ===
  15:17:08 participant 1012 rc=0, 6 rows so far
  15:21:05 participant 1118 rc=0, 12 rows so far
  15:25:52 participant 1508 rc=0, 18 rows so far
  15:30:49 participant 1602 rc=0, 24 rows so far
  15:36:28 participant 1847 rc=0, 30 rows so far
  15:41:01 participant 2112 rc=0, 36 rows so far
  15:45:15 participant 2198 rc=0, 42 rows so far
  15:49:49 participant 2307 rc=0, 48 rows so far
  15:54:08 participant 3361 rc=0, 54 rows so far
  15:59:17 participant 4162 rc=0, 60 rows so far
  16:03:26 participant 4216 rc=0, 66 rows so far
  16:08:09 participant 4279 rc=0, 72 rows so far
  16:12:30 participant 4509 rc=0, 78 rows so far
  16:16:52 participant 4612 rc=0, 84 rows so far
  16:22:39 participant 4665 rc=0, 90 rows so far
  16:26:03 participant 4687 rc=0, 96 rows so far
  16:31:36 participant 4801 rc=0, 102 rows so far
  16:35:44 participant 4827 rc=0, 108 rows so far
=== 2026-09-09 16:35:44  nlf_0-2 finished ===
=== 2026-09-09 16:35:44  stage nlf_0  ===
  16:39:35 participant 1012 rc=0, 6 rows so far
  16:42:45 participant 1118 rc=0, 12 rows so far
  16:46:36 participant 1508 rc=0, 18 rows so far
  16:50:31 participant 1602 rc=0, 24 rows so far
  16:55:02 participant 1847 rc=0, 30 rows so far
  16:58:41 participant 2112 rc=0, 36 rows so far
  17:02:02 participant 2198 rc=0, 42 rows so far
  17:05:39 participant 2307 rc=0, 48 rows so far
  17:09:07 participant 3361 rc=0, 54 rows so far
  17:13:11 participant 4162 rc=0, 60 rows so far
  17:16:30 participant 4216 rc=0, 66 rows so far
  17:20:17 participant 4279 rc=0, 72 rows so far
  17:23:47 participant 4509 rc=0, 78 rows so far
  17:27:15 participant 4612 rc=0, 84 rows so far
  17:31:44 participant 4665 rc=0, 90 rows so far
  17:34:27 participant 4687 rc=0, 96 rows so far
  17:38:52 participant 4801 rc=0, 102 rows so far
  17:42:12 participant 4827 rc=0, 108 rows so far
=== 2026-09-09 17:42:12  nlf_0 finished ===
=== 2026-09-09 17:42:12  all stages done, writing report ===
configurations: mmpose/2cam, mmpose/4cam, nlf/1cam, nlf/2cam, nlf/4cam
trials: 108 seen, 108 completed by all configurations and used below

coverage
  mmpose/2cam       108 trials completed, own mean 15.70 deg
  mmpose/4cam       108 trials completed, own mean 14.92 deg
  nlf/1cam          108 trials completed, own mean 14.39 deg
  nlf/2cam          108 trials completed, own mean 13.94 deg
  nlf/4cam          108 trials completed, own mean 13.94 deg

Accuracy and speed, over the trials every configuration completed
                           mmpose/2cam     mmpose/4cam        nlf/1cam        nlf/2cam        nlf/4cam
------------------------------------------------------------------------------------------------------
joint RMSE mean                  15.70           14.92           14.39           13.94           13.94
joint RMSE median                15.21           14.22           13.74           13.39           13.54
marker error mm                 102.21           72.63          120.03          109.04           53.98
free-flyer mm                    54.13           64.00           87.39           73.08           36.23
pipeline fps                    167.12          112.41           70.56           55.47           36.07
IK ms median                      3.54            4.76            3.49            3.68            3.74
------------------------------------------------------------------------------------------------------  deg / mm / fps / ms

Joint RMSE by task
                           mmpose/2cam     mmpose/4cam        nlf/1cam        nlf/2cam        nlf/4cam
------------------------------------------------------------------------------------------------------
Lifting                          14.08           14.45           12.71           12.43           12.28
Polishing                        16.22           14.66           14.49           13.95           14.18
RobotPolishing                   14.23           14.12           13.86           13.17           13.39
RobotWelding                     14.37           13.73           13.33           12.91           13.17
Screwing                         15.41           14.30           14.15           13.92           14.03
SideOverhead                     19.89           18.29           17.78           17.24           16.57
------------------------------------------------------------------------------------------------------  deg
=== 2026-09-09 17:42:12 rescoring against the MoCap reference ===
  mmpose_0-2-4-6: 108 trials -> /root/workspace/rt-cosmik/results/vs_mocap/mmpose_0-2-4-6.csv
  mmpose_0-2: 108 trials -> /root/workspace/rt-cosmik/results/vs_mocap/mmpose_0-2.csv
  nlf_0-2-4-6: 108 trials -> /root/workspace/rt-cosmik/results/vs_mocap/nlf_0-2-4-6.csv
  nlf_0-2: 108 trials -> /root/workspace/rt-cosmik/results/vs_mocap/nlf_0-2.csv
  nlf_0: 108 trials -> /root/workspace/rt-cosmik/results/vs_mocap/nlf_0.csv
  nlf2d_0-2-4-6: no summary, skipped
  nlf2d_0-2: no summary, skipped
=== 2026-09-09 17:45:40 5 Hz RERUN COMPLETE ===
configurations: mmpose/2cam, mmpose/4cam, nlf/1cam, nlf/2cam, nlf/4cam
trials: 108 seen, 108 completed by all configurations and used below

coverage
  mmpose/2cam       108 trials completed, own mean 13.57 deg
  mmpose/4cam       108 trials completed, own mean 13.10 deg
  nlf/1cam          108 trials completed, own mean 11.59 deg
  nlf/2cam          108 trials completed, own mean 11.00 deg
  nlf/4cam          108 trials completed, own mean 10.89 deg

Accuracy and speed, over the trials every configuration completed
                           mmpose/2cam     mmpose/4cam        nlf/1cam        nlf/2cam        nlf/4cam
------------------------------------------------------------------------------------------------------
joint RMSE mean                  13.57           13.10           11.59           11.00           10.89
joint RMSE median                13.15           12.48           11.06           10.69           10.46
marker error mm                 104.79           76.27          121.48          110.26           56.65
free-flyer mm                    54.05           64.35           87.89           73.55           35.82
pipeline fps                    167.12          112.41           70.56           55.47           36.07
IK ms median                      3.54            4.76            3.49            3.68            3.74
------------------------------------------------------------------------------------------------------  deg / mm / fps / ms

Joint RMSE by task
                           mmpose/2cam     mmpose/4cam        nlf/1cam        nlf/2cam        nlf/4cam
------------------------------------------------------------------------------------------------------
Lifting                          12.54           12.98           10.21            9.95            9.81
Polishing                        13.81           12.52           11.65           11.07           11.38
RobotPolishing                   12.04           12.38           10.94           10.27           10.18
RobotWelding                     12.48           11.83           10.78           10.29           10.19
Screwing                         12.84           12.13           11.32           11.04           11.10
SideOverhead                     17.72           16.72           14.63           13.40           12.68
------------------------------------------------------------------------------------------------------  deg
